real main.clim.TemperatureEST(t) = [1971, 
0.2768,
1972, 
0.2936,
1973, 
0.3104,
1974, 
0.3272,
1975, 
0.344,
1976, 
0.3607999,
1977, 
0.3775999,
1978, 
0.3943999,
1979, 
0.4111999,
1980, 
0.4279999,
1981, 
0.4447999,
1982, 
0.4615999,
1983, 
0.4783998,
1984, 
0.4951998,
1985, 
0.5119998,
1986, 
0.5287998,
1987, 
0.5455998,
1988, 
0.5623998,
1989, 
0.5791998,
1990, 
0.5959998,
1991, 
0.6127998,
1992, 
0.6295998,
1993, 
0.6463997,
1994, 
0.6631997,
1995, 
0.6799997,
1996, 
0.6967997,
1997, 
0.7135997,
1998, 
0.7303997,
1999, 
0.7471997,
2000, 
0.7639996,
2001, 
0.7807996,
2002, 
0.7975996,
2003, 
0.8143996,
2004, 
0.8311996,
2005, 
0.8479996,
2006, 
0.8647996,
2007, 
0.8815995,
2008, 
0.8983995,
2009, 
0.9151995,
2010, 
0.9319995,
2011, 
0.9487995,
2012, 
0.9655995,
2013, 
0.9823995,
2014, 
0.9991995,
2015, 
1.015999,
2016, 
1.032799,
2017, 
1.0496,
2018, 
1.0664,
2019, 
1.0832,
2020, 
1.1,
2021, 
1.1,
2022, 
1.121835,
2023, 
1.144789,
2024, 
1.167929,
2025, 
1.19126,
2026, 
1.214875,
2027, 
1.238945,
2028, 
1.263112,
2029, 
1.287401,
2030, 
1.311853,
2031, 
1.336482,
2032, 
1.361353,
2033, 
1.386488,
2034, 
1.411966,
2035, 
1.437853,
2036, 
1.464131,
2037, 
1.490916,
2038, 
1.518088,
2039, 
1.545565,
2040, 
1.573306,
2041, 
1.601318,
2042, 
1.629707,
2043, 
1.658441,
2044, 
1.68749,
2045, 
1.716835,
2046, 
1.746425,
2047, 
1.776292,
2048, 
1.806403,
2049, 
1.83674,
2050, 
1.86727,
2051, 
1.897933,
2052, 
1.928661,
2053, 
1.959518,
2054, 
1.990442,
2055, 
2.021378,
2056, 
2.052305,
2057, 
2.083206,
2058, 
2.114069,
2059, 
2.144883,
2060, 
2.175638,
2061, 
2.206331,
2062, 
2.23699,
2063, 
2.267605,
2064, 
2.298177,
2065, 
2.328686,
2066, 
2.359127,
2067, 
2.389526,
2068, 
2.419879,
2069, 
2.450184,
2070, 
2.480449,
2071, 
2.510706,
2072, 
2.540991,
2073, 
2.571298,
2074, 
2.601618,
2075, 
2.631932,
2076, 
2.662247,
2077, 
2.69257,
2078, 
2.722908,
2079, 
2.753266,
2080, 
2.783638,
2081, 
2.813989,
2082, 
2.844265,
2083, 
2.874475,
2084, 
2.9046,
2085, 
2.934633,
2086, 
2.964555,
2087, 
2.994362,
2088, 
3.024063,
2089, 
3.053678,
2090, 
3.083198,
2091, 
3.112628,
2092, 
3.141955,
2093, 
3.171182,
2094, 
3.200323,
2095, 
3.229381,
2096, 
3.258363,
2097, 
3.287264,
2098, 
3.316097,
2099, 
3.344871,
2100, 
3.373593];
